                                                                                                                        
                                                                                                                        
                                                                                                                        
                                                                                                                        
                                                                                                                        
                                                                                                                        
                             ██████╗██████╗  █████╗  ██████╗██╗  ██╗███████╗██████╗ ███████╗                            
                            ██╔════╝██╔══██╗██╔══██╗██╔════╝██║ ██╔╝██╔════╝██╔══██╗██╔════╝                            
                            ██║     ██████╔╝███████║██║     █████╔╝ █████╗  ██████╔╝███████╗                            
                            ██║     ██╔══██╗██╔══██║██║     ██╔═██╗ ██╔══╝  ██╔══██╗╚════██║                            
                            ╚██████╗██║  ██║██║  ██║╚██████╗██║  ██╗███████╗██║  ██║███████║                            
                             ╚═════╝╚═╝  ╚═╝╚═╝  ╚═╝ ╚═════╝╚═╝  ╚═╝╚══════╝╚═╝  ╚═╝╚══════╝                            
                                                                                                                        
                               ███╗   ███╗ ██████╗ ██████╗ ██╗███╗   ██╗███████╗████████╗                               
                               ████╗ ████║██╔═══██╗██╔══██╗██║████╗  ██║██╔════╝╚══██╔══╝                               
                               ██╔████╔██║██║   ██║██║  ██║██║██╔██╗ ██║███████╗   ██║                                  
                               ██║╚██╔╝██║██║   ██║██║  ██║██║██║╚██╗██║╚════██║   ██║                                  
                               ██║ ╚═╝ ██║╚██████╔╝██████╔╝██║██║ ╚████║███████║   ██║                                  
                               ╚═╝     ╚═╝ ╚═════╝ ╚═════╝ ╚═╝╚═╝  ╚═══╝╚══════╝   ╚═╝                                  
                                                         v0.1.0                                                         
                                                                                                                        
            ╭──────────────────────────────────────────────────────────────────────────────────────────────╮            
││            
│  Done.│            
││            
│  Removed the pack from│            
│  <GAME_ROOT>.│            
│  Valheim is back to vanilla.│            
││            
│  Press enter to continue.│            
││            
            ╰──────────────────────────────────────────────────────────────────────────────────────────────╯            
                                                                                                                        
                                                                                                                        
                                                                                                                        
                                                                                                                        
                                                                                                                        
                                                                                                                        
                                                enter continue • q quit                                                 